[      99ms] [LOG] %c Console Ninja extension is connected to Vite, background: rgb(30,30,30); color: rgb(255,213,92) see https://tinyurl.com/2vt8jxzw for more info. @ :0
[     242ms] [INFO] %cDownload the React DevTools for a better development experience: https://reactjs.org/link/react-devtools font-weight:bold @ http://localhost:5173/node_modules/.vite/deps/chunk-NUMECXU6.js?v=17e164b4:21550
[     762ms] [ERROR] Failed to load resource: the server responded with a status of 500 (Internal Server Error) @ http://localhost:5173/api/cms/config:0
[     766ms] [WARNING] Could not fetch remote CMS config, using defaults: Request failed with status code 500 @ http://localhost:5173/src/context/SiteConfigContext.jsx:51
[     770ms] [ERROR] Failed to load resource: the server responded with a status of 500 (Internal Server Error) @ http://localhost:5173/api/cms/config:0
[     772ms] [WARNING] Could not fetch remote CMS config, using defaults: Request failed with status code 500 @ http://localhost:5173/src/context/SiteConfigContext.jsx:51
[ 3318343ms] [LOG] [vite] server connection lost. Polling for restart... @ http://localhost:5173/@vite/client:559
[ 3318767ms] [LOG] %c Console Ninja extension is connected to Vite, background: rgb(30,30,30); color: rgb(255,213,92) see https://tinyurl.com/2vt8jxzw for more info. @ :0
[ 3321839ms] [INFO] %cDownload the React DevTools for a better development experience: https://reactjs.org/link/react-devtools font-weight:bold @ http://localhost:5173/node_modules/.vite/deps/chunk-NUMECXU6.js?v=8ee06595:21550
[ 3322630ms] [ERROR] Failed to load resource: the server responded with a status of 500 (Internal Server Error) @ http://localhost:5173/api/cms/config:0
[ 3322648ms] [WARNING] Could not fetch remote CMS config, using defaults: Request failed with status code 500 @ http://localhost:5173/src/context/SiteConfigContext.jsx:51
[ 3322650ms] [ERROR] Failed to load resource: the server responded with a status of 500 (Internal Server Error) @ http://localhost:5173/api/cms/config:0
[ 3322651ms] [WARNING] Could not fetch remote CMS config, using defaults: Request failed with status code 500 @ http://localhost:5173/src/context/SiteConfigContext.jsx:51
[ 3378529ms] [ERROR] Failed to load resource: the server responded with a status of 500 (Internal Server Error) @ http://localhost:5173/api/cms/config:0
[ 3378531ms] [WARNING] Could not fetch remote CMS config, using defaults: Request failed with status code 500 @ http://localhost:5173/src/context/SiteConfigContext.jsx?t=1789050101867:51
[ 3378532ms] [ERROR] Failed to load resource: the server responded with a status of 500 (Internal Server Error) @ http://localhost:5173/api/cms/config:0
[ 3378533ms] [WARNING] Could not fetch remote CMS config, using defaults: Request failed with status code 500 @ http://localhost:5173/src/context/SiteConfigContext.jsx?t=1789050101867:51
[ 4117899ms] [LOG] %c Console Ninja extension is connected to Vite, background: rgb(30,30,30); color: rgb(255,213,92) see https://tinyurl.com/2vt8jxzw for more info. @ :0
[ 4118085ms] [INFO] %cDownload the React DevTools for a better development experience: https://reactjs.org/link/react-devtools font-weight:bold @ http://localhost:5173/node_modules/.vite/deps/chunk-NUMECXU6.js?v=8ee06595:21550
[ 4119218ms] [ERROR] Failed to load resource: the server responded with a status of 500 (Internal Server Error) @ http://localhost:5173/api/cms/config:0
[ 4119225ms] [WARNING] Could not fetch remote CMS config, using defaults: Request failed with status code 500 @ http://localhost:5173/src/context/SiteConfigContext.jsx?t=1789050101867:51
[ 4119241ms] [ERROR] Failed to load resource: the server responded with a status of 500 (Internal Server Error) @ http://localhost:5173/api/cms/config:0
[ 4119244ms] [WARNING] Could not fetch remote CMS config, using defaults: Request failed with status code 500 @ http://localhost:5173/src/context/SiteConfigContext.jsx?t=1789050101867:51
