[      55ms] [LOG] %c Console Ninja extension is connected to Vite, background: rgb(30,30,30); color: rgb(255,213,92) see https://tinyurl.com/2vt8jxzw for more info. @ :0
[     454ms] [INFO] %cDownload the React DevTools for a better development experience: https://reactjs.org/link/react-devtools font-weight:bold @ http://localhost:5173/node_modules/.vite/deps/chunk-NUMECXU6.js?v=cc5dd445:21550
[    1253ms] [ERROR] Failed to load resource: the server responded with a status of 500 (Internal Server Error) @ http://localhost:5173/api/cms/config:0
[    1257ms] [WARNING] Could not fetch remote CMS config, using defaults: Request failed with status code 500 @ http://localhost:5173/src/context/SiteConfigContext.jsx:51
[    1320ms] [ERROR] Failed to load resource: the server responded with a status of 500 (Internal Server Error) @ http://localhost:5173/api/cms/config:0
[    1321ms] [WARNING] Could not fetch remote CMS config, using defaults: Request failed with status code 500 @ http://localhost:5173/src/context/SiteConfigContext.jsx:51
[    5692ms] [LOG] %c Console Ninja extension is connected to Vite, background: rgb(30,30,30); color: rgb(255,213,92) see https://tinyurl.com/2vt8jxzw for more info. @ :0
[    5748ms] [INFO] %cDownload the React DevTools for a better development experience: https://reactjs.org/link/react-devtools font-weight:bold @ http://localhost:5173/node_modules/.vite/deps/chunk-NUMECXU6.js?v=cc5dd445:21550
[    6197ms] [ERROR] Failed to load resource: the server responded with a status of 500 (Internal Server Error) @ http://localhost:5173/api/cms/config:0
[    6201ms] [WARNING] Could not fetch remote CMS config, using defaults: Request failed with status code 500 @ http://localhost:5173/src/context/SiteConfigContext.jsx:51
[    6207ms] [ERROR] Failed to load resource: the server responded with a status of 500 (Internal Server Error) @ http://localhost:5173/api/cms/config:0
[    6208ms] [WARNING] Could not fetch remote CMS config, using defaults: Request failed with status code 500 @ http://localhost:5173/src/context/SiteConfigContext.jsx:51
[   12403ms] [LOG] %c Console Ninja extension is connected to Vite, background: rgb(30,30,30); color: rgb(255,213,92) see https://tinyurl.com/2vt8jxzw for more info. @ :0
[   12453ms] [INFO] %cDownload the React DevTools for a better development experience: https://reactjs.org/link/react-devtools font-weight:bold @ http://localhost:5173/node_modules/.vite/deps/chunk-NUMECXU6.js?v=cc5dd445:21550
[   12824ms] [ERROR] Failed to load resource: the server responded with a status of 500 (Internal Server Error) @ http://localhost:5173/api/cms/config:0
[   12828ms] [WARNING] Could not fetch remote CMS config, using defaults: Request failed with status code 500 @ http://localhost:5173/src/context/SiteConfigContext.jsx:51
[   12837ms] [ERROR] Failed to load resource: the server responded with a status of 500 (Internal Server Error) @ http://localhost:5173/api/cms/config:0
[   12838ms] [WARNING] Could not fetch remote CMS config, using defaults: Request failed with status code 500 @ http://localhost:5173/src/context/SiteConfigContext.jsx:51
[   38075ms] [LOG] %c Console Ninja extension is connected to Vite, background: rgb(30,30,30); color: rgb(255,213,92) see https://tinyurl.com/2vt8jxzw for more info. @ :0
[   38175ms] [INFO] %cDownload the React DevTools for a better development experience: https://reactjs.org/link/react-devtools font-weight:bold @ http://localhost:5173/node_modules/.vite/deps/chunk-NUMECXU6.js?v=cc5dd445:21550
[   38647ms] [ERROR] Failed to load resource: the server responded with a status of 500 (Internal Server Error) @ http://localhost:5173/api/cms/config:0
[   38650ms] [WARNING] Could not fetch remote CMS config, using defaults: Request failed with status code 500 @ http://localhost:5173/src/context/SiteConfigContext.jsx:51
[   38655ms] [ERROR] Failed to load resource: the server responded with a status of 500 (Internal Server Error) @ http://localhost:5173/api/cms/config:0
[   38656ms] [WARNING] Could not fetch remote CMS config, using defaults: Request failed with status code 500 @ http://localhost:5173/src/context/SiteConfigContext.jsx:51
[   42105ms] [LOG] %c Console Ninja extension is connected to Vite, background: rgb(30,30,30); color: rgb(255,213,92) see https://tinyurl.com/2vt8jxzw for more info. @ :0
[   42212ms] [INFO] %cDownload the React DevTools for a better development experience: https://reactjs.org/link/react-devtools font-weight:bold @ http://localhost:5173/node_modules/.vite/deps/chunk-NUMECXU6.js?v=cc5dd445:21550
[   42633ms] [ERROR] Failed to load resource: the server responded with a status of 500 (Internal Server Error) @ http://localhost:5173/api/cms/config:0
[   42637ms] [WARNING] Could not fetch remote CMS config, using defaults: Request failed with status code 500 @ http://localhost:5173/src/context/SiteConfigContext.jsx:51
[   42638ms] [ERROR] Failed to load resource: the server responded with a status of 500 (Internal Server Error) @ http://localhost:5173/api/cms/config:0
[   42639ms] [WARNING] Could not fetch remote CMS config, using defaults: Request failed with status code 500 @ http://localhost:5173/src/context/SiteConfigContext.jsx:51
[  117854ms] [LOG] %c Console Ninja extension is connected to Vite, background: rgb(30,30,30); color: rgb(255,213,92) see https://tinyurl.com/2vt8jxzw for more info. @ :0
[  117981ms] [INFO] %cDownload the React DevTools for a better development experience: https://reactjs.org/link/react-devtools font-weight:bold @ http://localhost:5173/node_modules/.vite/deps/chunk-NUMECXU6.js?v=cc5dd445:21550
[  118673ms] [ERROR] Failed to load resource: the server responded with a status of 500 (Internal Server Error) @ http://localhost:5173/api/cms/config:0
[  118676ms] [WARNING] Could not fetch remote CMS config, using defaults: Request failed with status code 500 @ http://localhost:5173/src/context/SiteConfigContext.jsx:51
[  118677ms] [ERROR] Failed to load resource: the server responded with a status of 500 (Internal Server Error) @ http://localhost:5173/api/cms/config:0
[  118677ms] [WARNING] Could not fetch remote CMS config, using defaults: Request failed with status code 500 @ http://localhost:5173/src/context/SiteConfigContext.jsx:51
[  167090ms] [LOG] %c Console Ninja extension is connected to Vite, background: rgb(30,30,30); color: rgb(255,213,92) see https://tinyurl.com/2vt8jxzw for more info. @ :0
[  167232ms] [INFO] %cDownload the React DevTools for a better development experience: https://reactjs.org/link/react-devtools font-weight:bold @ http://localhost:5173/node_modules/.vite/deps/chunk-NUMECXU6.js?v=cc5dd445:21550
[  168086ms] [ERROR] Failed to load resource: the server responded with a status of 500 (Internal Server Error) @ http://localhost:5173/api/cms/config:0
[  168093ms] [WARNING] Could not fetch remote CMS config, using defaults: Request failed with status code 500 @ http://localhost:5173/src/context/SiteConfigContext.jsx:51
[  168096ms] [ERROR] Failed to load resource: the server responded with a status of 500 (Internal Server Error) @ http://localhost:5173/api/cms/config:0
[  168100ms] [WARNING] Could not fetch remote CMS config, using defaults: Request failed with status code 500 @ http://localhost:5173/src/context/SiteConfigContext.jsx:51
